FFA weekly files: 60 ((2023, 1) .. (2026, 2))
  2026 box scores: 357 rows
  Odds API events: 32 (credits left 70)
  schedule: 18 weeks; week 2 runs Fri 09/18 .. Tue 09/22
week 2: 1 games in this send (kickoffs Fri 00:15Z .. Fri 00:15Z)
history: 17,123 player-weeks with FFA baseline + actual, {2023: 18, 2024: 20, 2025: 20}
  baseline MAE vs actual 4.218
  DK game lines: 32 games (credits left 68)
  DK props: 1 events pulled (credits left 62)
  game context refreshed for 2 team rows from live DK lines
  DK props blended (w=0.6) for 20 slate players; mean shift -0.17; biggest: Jahmyr Gibbs 21.6->23.5, Jared Goff 18.0->16.2, James Cook 15.2->16.9, Josh Allen 24.9->23.4, Dawson Knox 5.8->4.3
  K override: 2/2 teams from kdst_2026_wk2.csv (weight 0.65)
  DST override: 2/2 teams from kdst_2026_wk2.csv (weight 0.65)
2026 wk2: 24 skill rows on the slate, 2 K, 2 DST; 1 without an NFL game log
  2023: n=1,867  MAE Model_Burke 4.245 | baseline(FFA) 4.278 | control_k0 4.243  · beats FFA in 83% of weeks · 80% coverage 0.000
  2024: n=5,693  MAE Model_Burke 4.228 | baseline(FFA) 4.285 | control_k0 4.236  · beats FFA in 85% of weeks · 80% coverage 0.804
  2025: n=5,887  MAE Model_Burke 4.123 | baseline(FFA) 4.190 | control_k0 4.129  · beats FFA in 90% of weeks · 80% coverage 0.806
  injury report (nfl.com): 41 skill/K players listed; practice {'FP': 14, 'DNP': 14, 'LP': 13}; designations {'Questionable': 1}
  lineups: 319 statuses pulled {'espn': 136, 'sleeper': 101, '+sleeper': 57, 'espn+sleeper': 24, 'nfl-report': 1}; 1 Q, 0 OUT with a projection {}
  spread check 2025 (n=5,887): 80% coverage local 0.794 vs package 0.806 · pinball local 1.446 vs package 1.539 · GBM coverage 0.824 pinball 1.449 (tail scale {'QB': 1.0500000000000003, 'RB': 1.1000000000000003, 'WR': 1.1000000000000003, 'TE': 1.1000000000000003}) -> using LOCAL
  DNP check 2024-2025 (n=112 played DNP rows): MAE as-is 4.202 vs haircut 4.032 · median actual/model 0.89 · by pos QB 6.97->6.38 (n=6), RB 3.84->3.91 (n=12), TE 3.33->3.33 (n=39), WR 4.60->4.30 (n=55)
  run frame: DK benchmark on 20 rows, no_line set for 0

wrote outputs\sabersim\Burke_Model_Burke_2026_thu08pm_0916_2145.csv: 28 rows ({'WR': 8, 'RB': 6, 'TE': 6, 'QB': 4, 'K': 2, 'DST': 2})
     Analyst          Model            Player         ID Pos Team Opp                          Game               Kickoff  Proj  Median  Floor_p10   p25   p75  Ceiling_p90  StdDev Injury Status Note  pass_yds  pass_tds  pass_int  rush_yds  rush_tds  rec  rec_yds  rec_tds  fumbles_lost  fg_made  fg_40plus  xp_made  sacks  ints  def_td  pts_allowed_exp           Generated
Robert Burke Model_Burke v1      Jahmyr Gibbs 00-0039139  RB  DET BUF Detroit Lions @ Buffalo Bills Thu 09/17 08:15 PM ET 23.63   22.23      14.05 17.05 28.88        35.68    8.77                         0.00      0.00      0.00     88.15      1.01 4.44    30.35     0.25          0.13      NaN        NaN      NaN    NaN   NaN     NaN              NaN 2026-09-16 17:46 ET
Robert Burke Model_Burke v1        Josh Allen 00-0034857  QB  BUF DET Detroit Lions @ Buffalo Bills Thu 09/17 08:15 PM ET 23.52   23.60      12.04 18.40 28.35        32.88    7.37                       253.52      1.80      0.80     33.20      0.81 0.00     0.00     0.00          0.20      NaN        NaN      NaN    NaN   NaN     NaN              NaN 2026-09-16 17:46 ET
Robert Burke Model_Burke v1 Amon-Ra St. Brown 00-0036963  WR  DET BUF Detroit Lions @ Buffalo Bills Thu 09/17 08:15 PM ET 20.63   19.48      10.18 13.92 25.30        33.13    8.43                         0.00      0.00      0.00      0.63      0.00 7.66    83.36     0.76          0.00      NaN        NaN      NaN    NaN   NaN     NaN              NaN 2026-09-16 17:46 ET
Robert Burke Model_Burke v1        James Cook 00-0037248  RB  BUF DET Detroit Lions @ Buffalo Bills Thu 09/17 08:15 PM ET 16.90   15.83       7.87 11.02 21.90        27.96    8.06                         0.00      0.00      0.00     77.69      0.80 2.20    17.43     0.11          0.13      NaN        NaN      NaN    NaN   NaN     NaN              NaN 2026-09-16 17:46 ET
Robert Burke Model_Burke v1        Jared Goff 00-0033106  QB  DET BUF Detroit Lions @ Buffalo Bills Thu 09/17 08:15 PM ET 16.23   16.24       6.08 10.85 21.03        26.49    7.54                       267.50      1.74      0.71      0.90      0.03 0.00     0.00     0.00          0.15      NaN        NaN      NaN    NaN   NaN     NaN              NaN 2026-09-16 17:46 ET
Robert Burke Model_Burke v1        D.J. Moore 00-0034827  WR  BUF DET Detroit Lions @ Buffalo Bills Thu 09/17 08:15 PM ET 14.30   13.74       4.03  7.96 19.65        24.83    8.66                         0.00      0.00      0.00      2.77      0.04 4.62    63.57     0.47          0.00      NaN        NaN      NaN    NaN   NaN     NaN              NaN 2026-09-16 17:46 ET
Robert Burke Model_Burke v1  Jameson Williams 00-0037240  WR  DET BUF Detroit Lions @ Buffalo Bills Thu 09/17 08:15 PM ET 12.66   11.38       4.39  7.03 16.72        22.81    7.18                         0.00      0.00      0.00      2.16      0.02 4.00    61.25     0.36          0.00      NaN        NaN      NaN    NaN   NaN     NaN              NaN 2026-09-16 17:46 ET
Robert Burke Model_Burke v1    Dalton Kincaid 00-0038933  TE  BUF DET Detroit Lions @ Buffalo Bills Thu 09/17 08:15 PM ET 11.37   10.27       3.47  6.32 15.34        20.67    6.68                         0.00      0.00      0.00      0.00      0.00 3.97    51.52     0.37          0.00      NaN        NaN      NaN    NaN   NaN     NaN              NaN 2026-09-16 17:46 ET
Robert Burke Model_Burke v1       Sam LaPorta 00-0039065  TE  DET BUF Detroit Lions @ Buffalo Bills Thu 09/17 08:15 PM ET 11.36   10.16       3.59  6.35 15.37        21.12    6.68                         0.00      0.00      0.00      0.00      0.00 4.62    46.50     0.35          0.00      NaN        NaN      NaN    NaN   NaN     NaN              NaN 2026-09-16 17:46 ET
Robert Burke Model_Burke v1     Khalil Shakir 00-0037261  WR  BUF DET Detroit Lions @ Buffalo Bills Thu 09/17 08:15 PM ET 11.30    9.43       3.43  5.84 16.29        21.44    7.74                         0.00      0.00      0.00      0.35      0.00 4.81    45.49     0.33          0.03      NaN        NaN      NaN    NaN   NaN     NaN              NaN 2026-09-16 17:46 ET
Robert Burke Model_Burke v1        Tyler Bass              K  BUF NaN Detroit Lions @ Buffalo Bills Thu 09/17 08:15 PM ET  8.66    8.66       3.03  5.63 11.70        14.73    4.33                          NaN       NaN       NaN       NaN       NaN  NaN      NaN      NaN           NaN     1.58       0.55     3.19    NaN   NaN     NaN              NaN 2026-09-16 17:46 ET
Robert Burke Model_Burke v1        Jake Bates              K  DET NaN Detroit Lions @ Buffalo Bills Thu 09/17 08:15 PM ET  8.45    8.45       2.96  5.49 11.41        14.37    4.23                          NaN       NaN       NaN       NaN       NaN  NaN      NaN      NaN           NaN     1.52       0.58     3.08    NaN   NaN     NaN              NaN 2026-09-16 17:46 ET
