FFA weekly files: 59 ((2023, 1) .. (2026, 1))
  2026 box scores not published yet (HTTP Error 404: Not Found)
  Odds API events: 239 (credits left 288)
week 1: 1 games in this send (kickoffs Fri 00:35Z .. Fri 00:35Z)
history: 17,123 player-weeks with FFA baseline + actual, {2023: 18, 2024: 20, 2025: 20}
  baseline MAE vs actual 4.218
  K override: 2/2 teams from kdst_2026_wk1.csv (weight 0.65)
  DST override: 2/2 teams from kdst_2026_wk1.csv (weight 0.65)
2026 wk1: 31 skill rows on the slate, 2 K, 2 DST; 5 without an NFL game log
  2023: n=1,867  MAE Model_Burke 4.245 | baseline(FFA) 4.278 | control_k0 4.243  · beats FFA in 83% of weeks · 80% coverage 0.000
  2024: n=5,693  MAE Model_Burke 4.228 | baseline(FFA) 4.285 | control_k0 4.236  · beats FFA in 85% of weeks · 80% coverage 0.804
  2025: n=5,887  MAE Model_Burke 4.123 | baseline(FFA) 4.190 | control_k0 4.129  · beats FFA in 90% of weeks · 80% coverage 0.806
  lineups: 406 statuses pulled; 0 Q, 0 OUT with a projection
  spread check 2025 (n=5,887): 80% coverage local 0.794 vs package 0.806 · pinball local 1.446 vs package 1.539

wrote outputs\sabersim\Burke_Model_Burke_2026_thu08pm_0910_1906.csv: 35 rows ({'WR': 12, 'TE': 8, 'RB': 7, 'QB': 4, 'K': 2, 'DST': 2})
     Analyst          Model              Player         ID Pos Team Opp                                   Game               Kickoff  Proj  Median  Floor_p10   p25   p75  Ceiling_p90  StdDev Injury Status Note  pass_yds  pass_tds  pass_int  rush_yds  rush_tds  rec  rec_yds  rec_tds  fumbles_lost  fg_made  fg_40plus  xp_made  sacks  ints  def_td  pts_allowed_exp           Generated
Robert Burke Model_Burke v1          Puka Nacua 00-0039075  WR   LA  SF San Francisco 49ers @ Los Angeles Rams Thu 09/10 08:35 PM ET 21.38   20.25      10.90 14.64 26.02        33.85    8.43      Q                  0.00      0.00      0.00      5.23      0.06 7.13    95.34     0.64          0.00      NaN        NaN      NaN    NaN   NaN     NaN              NaN 2026-09-10 15:07 ET
Robert Burke Model_Burke v1    Matthew Stafford 00-0026498  QB   LA  SF San Francisco 49ers @ Los Angeles Rams Thu 09/10 08:35 PM ET 17.49   17.37       7.77 12.04 22.80        27.38    7.97                       255.48      2.08      0.71      5.04      0.01 0.00     0.00     0.00          0.10      NaN        NaN      NaN    NaN   NaN     NaN              NaN 2026-09-10 15:07 ET
Robert Burke Model_Burke v1 Christian McCaffrey 00-0033280  RB   SF  LA San Francisco 49ers @ Los Angeles Rams Thu 09/10 08:35 PM ET 17.05   15.69       7.79 11.03 22.11        28.70    8.21      Q                  0.00      0.00      0.00     60.60      0.29 4.22    38.43     0.21          0.06      NaN        NaN      NaN    NaN   NaN     NaN              NaN 2026-09-10 15:07 ET
Robert Burke Model_Burke v1         Brock Purdy 00-0037834  QB   SF  LA San Francisco 49ers @ Los Angeles Rams Thu 09/10 08:35 PM ET 16.69   16.41       6.37 11.18 21.90        27.25    7.94                       245.23      1.64      0.98     18.03      0.16 0.00     0.00     0.00          0.25      NaN        NaN      NaN    NaN   NaN     NaN              NaN 2026-09-10 15:07 ET
Robert Burke Model_Burke v1       Davante Adams 00-0031381  WR   LA  SF San Francisco 49ers @ Los Angeles Rams Thu 09/10 08:35 PM ET 14.23   13.72       3.87  8.20 19.60        24.67    8.45                         0.00      0.00      0.00      0.00      0.00 4.17    57.19     0.72          0.00      NaN        NaN      NaN    NaN   NaN     NaN              NaN 2026-09-10 15:07 ET
Robert Burke Model_Burke v1      Kyren Williams 00-0037840  RB   LA  SF San Francisco 49ers @ Los Angeles Rams Thu 09/10 08:35 PM ET 13.57   12.44       5.34  8.76 18.08        22.79    6.91                         0.00      0.00      0.00     63.36      0.63 1.62    12.94     0.12          0.10      NaN        NaN      NaN    NaN   NaN     NaN              NaN 2026-09-10 15:07 ET
Robert Burke Model_Burke v1          Mike Evans 00-0031408  WR   SF  LA San Francisco 49ers @ Los Angeles Rams Thu 09/10 08:35 PM ET 11.18    9.58       3.28  5.58 15.72        21.42    7.51      Q                  0.00      0.00      0.00      0.00      0.00 4.15    50.91     0.32          0.00      NaN        NaN      NaN    NaN   NaN     NaN              NaN 2026-09-10 15:07 ET
Robert Burke Model_Burke v1       George Kittle 00-0033288  TE   SF  LA San Francisco 49ers @ Los Angeles Rams Thu 09/10 08:35 PM ET 10.44    9.16       2.98  5.50 14.50        19.91    6.66      Q                  0.00      0.00      0.00     -0.04      0.00 4.19    45.75     0.28          0.00      NaN        NaN      NaN    NaN   NaN     NaN              NaN 2026-09-10 15:07 ET
Robert Burke Model_Burke v1        Deebo Samuel 00-0035719  WR   SF  LA San Francisco 49ers @ Los Angeles Rams Thu 09/10 08:35 PM ET 10.05    8.72       2.47  4.50 13.39        19.34    6.59                         0.00      0.00      0.00      5.35      0.03 4.04    40.78     0.20          0.00      NaN        NaN      NaN    NaN   NaN     NaN              NaN 2026-09-10 15:07 ET
Robert Burke Model_Burke v1      Harrison Mevis              K   LA  SF San Francisco 49ers @ Los Angeles Rams Thu 09/10 08:35 PM ET  8.05    8.05       2.82  5.23 10.87        13.68    4.02                          NaN       NaN       NaN       NaN       NaN  NaN      NaN      NaN           NaN     1.37       0.57     3.24    NaN   NaN     NaN              NaN 2026-09-10 15:07 ET
Robert Burke Model_Burke v1        Eddy Pineiro              K   SF  LA San Francisco 49ers @ Los Angeles Rams Thu 09/10 08:35 PM ET  7.57    7.57       2.65  4.92 10.22        12.86    3.78                          NaN       NaN       NaN       NaN       NaN  NaN      NaN      NaN           NaN     1.48       0.59     2.30    NaN   NaN     NaN              NaN 2026-09-10 15:07 ET
Robert Burke Model_Burke v1         Blake Corum 00-0039738  RB   LA  SF San Francisco 49ers @ Los Angeles Rams Thu 09/10 08:35 PM ET  7.45    6.02       1.38  2.97 10.17        16.29    5.33                         0.00      0.00      0.00     47.65      0.22 0.84     4.69     0.01          0.00      NaN        NaN      NaN    NaN   NaN     NaN              NaN 2026-09-10 15:07 ET
