FFA weekly files: 60 ((2023, 1) .. (2026, 2))
  2026 box scores: 357 rows
  Odds API events: 32 (credits left 54)
  schedule: 18 weeks; week 2 runs Fri 09/18 .. Tue 09/22
week 2: 16 games in this send (kickoffs Fri 00:15Z .. Tue 00:15Z)
history: 17,123 player-weeks with FFA baseline + actual, {2023: 18, 2024: 20, 2025: 20}
  baseline MAE vs actual 4.218
  K override: 33/33 teams from kdst_2026_wk2.csv (weight 0.65)
  DST override: 32/32 teams from kdst_2026_wk2.csv (weight 0.65)
2026 wk2: 428 skill rows on the slate, 32 K, 32 DST; 24 without an NFL game log
  2023: n=1,867  MAE Model_Burke 4.245 | baseline(FFA) 4.278 | control_k0 4.243  · beats FFA in 83% of weeks · 80% coverage 0.000
  2024: n=5,693  MAE Model_Burke 4.228 | baseline(FFA) 4.285 | control_k0 4.236  · beats FFA in 85% of weeks · 80% coverage 0.804
  2025: n=5,887  MAE Model_Burke 4.123 | baseline(FFA) 4.190 | control_k0 4.129  · beats FFA in 90% of weeks · 80% coverage 0.806
  injury report (nfl.com): 55 skill/K players listed; practice {'DNP': 21, 'LP': 17, 'FP': 17}; designations {'Questionable': 1}
  DNP haircut on 11: Christian McCaffrey (RB x0.94, ?), Zay Flowers (WR x0.85, ?), Ladd McConkey (WR x0.85, ?), RJ Harvey (RB x0.94, ?), Tua Tagovailoa (QB x0.88, ?), Jauan Jennings (WR x0.85, ?), Marvin Mims (WR x0.85, ?), Omar Cooper Jr. (WR x0.85, ?)
  lineups: 342 statuses pulled {'espn': 161, 'sleeper': 100, '+sleeper': 59, 'espn+sleeper': 21, 'nfl-report': 1}; 29 Q, 1 OUT with a projection {'espn+sleeper': 1}
    OUT Sam Darnold            QB SEA    0.5 -> Drew Lock +0.0
  spread check 2025 (n=5,887): 80% coverage local 0.794 vs package 0.806 · pinball local 1.446 vs package 1.539 · GBM coverage 0.824 pinball 1.449 (tail scale {'QB': 1.0500000000000003, 'RB': 1.1000000000000003, 'WR': 1.1000000000000003, 'TE': 1.1000000000000003}) -> using LOCAL
  DNP check 2024-2025 (n=112 played DNP rows): MAE as-is 4.202 vs haircut 4.032 · median actual/model 0.89 · by pos QB 6.97->6.38 (n=6), RB 3.84->3.91 (n=12), TE 3.33->3.33 (n=39), WR 4.60->4.30 (n=55)

wrote outputs\fan\proj_2026_wk2.csv: 492 rows ({'WR': 158, 'RB': 106, 'TE': 98, 'QB': 66, 'K': 32, 'DST': 32})
     Analyst          Model            Player         ID Pos Team Opp                          Game               Kickoff  Proj  Median  Floor_p10   p25   p75  Ceiling_p90  StdDev Injury Status Note  pass_yds  pass_tds  pass_int  rush_yds  rush_tds  rec  rec_yds  rec_tds  fumbles_lost  fg_made  fg_40plus  xp_made  sacks  ints  def_td  pts_allowed_exp           Generated
Robert Burke Model_Burke v1        Josh Allen 00-0034857  QB  BUF DET Detroit Lions @ Buffalo Bills Thu 09/17 08:15 PM ET 24.54   24.62      13.05 19.42 29.36        33.89    7.37                       249.72      1.96      0.64     33.82      0.83 0.00     0.00     0.00          0.20      NaN        NaN      NaN    NaN   NaN     NaN              NaN 2026-09-17 15:12 ET
Robert Burke Model_Burke v1      Jahmyr Gibbs 00-0039139  RB  DET BUF Detroit Lions @ Buffalo Bills Thu 09/17 08:15 PM ET 23.30   21.90      13.72 16.71 28.55        35.35    8.77                         0.00      0.00      0.00     95.64      0.92 4.14    33.03     0.17          0.13      NaN        NaN      NaN    NaN   NaN     NaN              NaN 2026-09-17 15:12 ET
Robert Burke Model_Burke v1 Amon-Ra St. Brown 00-0036963  WR  DET BUF Detroit Lions @ Buffalo Bills Thu 09/17 08:15 PM ET 20.99   19.87      10.52 14.10 25.70        33.52    8.59                         0.00      0.00      0.00      0.80      0.00 7.52    85.96     0.80          0.00      NaN        NaN      NaN    NaN   NaN     NaN              NaN 2026-09-17 15:12 ET
Robert Burke Model_Burke v1        Jared Goff 00-0033106  QB  DET BUF Detroit Lions @ Buffalo Bills Thu 09/17 08:15 PM ET 17.29   16.85       7.45 11.93 22.73        27.29    8.01                       261.82      1.94      0.65      5.08      0.03 0.00     0.00     0.00          0.15      NaN        NaN      NaN    NaN   NaN     NaN              NaN 2026-09-17 15:12 ET
Robert Burke Model_Burke v1        James Cook 00-0037248  RB  BUF DET Detroit Lions @ Buffalo Bills Thu 09/17 08:15 PM ET 16.89   15.83       7.97 11.19 21.42        27.75    7.58                         0.00      0.00      0.00     86.83      0.75 1.97    16.21     0.06          0.13      NaN        NaN      NaN    NaN   NaN     NaN              NaN 2026-09-17 15:12 ET
Robert Burke Model_Burke v1        D.J. Moore 00-0034827  WR  BUF DET Detroit Lions @ Buffalo Bills Thu 09/17 08:15 PM ET 13.53   12.77       3.98  7.51 18.43        24.87    8.09                         0.00      0.00      0.00      2.64      0.04 4.36    60.46     0.44          0.00      NaN        NaN      NaN    NaN   NaN     NaN              NaN 2026-09-17 15:12 ET
Robert Burke Model_Burke v1  Jameson Williams 00-0037240  WR  DET BUF Detroit Lions @ Buffalo Bills Thu 09/17 08:15 PM ET 12.34   11.00       3.79  6.73 17.11        22.40    7.69                         0.00      0.00      0.00      2.66      0.02 3.89    62.75     0.30          0.00      NaN        NaN      NaN    NaN   NaN     NaN              NaN 2026-09-17 15:12 ET
Robert Burke Model_Burke v1    Dalton Kincaid 00-0038933  TE  BUF DET Detroit Lions @ Buffalo Bills Thu 09/17 08:15 PM ET 11.26    9.99       3.48  6.07 15.24        21.12    6.79                         0.00      0.00      0.00      0.00      0.00 4.18    53.77     0.28          0.00      NaN        NaN      NaN    NaN   NaN     NaN              NaN 2026-09-17 15:12 ET
Robert Burke Model_Burke v1       Sam LaPorta 00-0039065  TE  DET BUF Detroit Lions @ Buffalo Bills Thu 09/17 08:15 PM ET 10.98    9.55       3.24  5.77 15.05        20.96    6.87                         0.00      0.00      0.00      0.00      0.00 4.46    49.02     0.27          0.00      NaN        NaN      NaN    NaN   NaN     NaN              NaN 2026-09-17 15:12 ET
Robert Burke Model_Burke v1     Khalil Shakir 00-0037261  WR  BUF DET Detroit Lions @ Buffalo Bills Thu 09/17 08:15 PM ET 10.95    9.58       3.04  5.22 15.70        20.76    7.77                         0.00      0.00      0.00      0.29      0.00 4.58    49.34     0.24          0.03      NaN        NaN      NaN    NaN   NaN     NaN              NaN 2026-09-17 15:12 ET
Robert Burke Model_Burke v1        Tyler Bass              K  BUF NaN Detroit Lions @ Buffalo Bills Thu 09/17 08:15 PM ET  8.71    8.71       3.05  5.66 11.76        14.81    4.36                          NaN       NaN       NaN       NaN       NaN  NaN      NaN      NaN           NaN     1.60       0.56     3.17    NaN   NaN     NaN              NaN 2026-09-17 15:12 ET
Robert Burke Model_Burke v1        Jake Bates              K  DET NaN Detroit Lions @ Buffalo Bills Thu 09/17 08:15 PM ET  8.45    8.45       2.96  5.49 11.41        14.37    4.23                          NaN       NaN       NaN       NaN       NaN  NaN      NaN      NaN           NaN     1.53       0.57     3.10    NaN   NaN     NaN              NaN 2026-09-17 15:12 ET
